UpdateCTestConfiguration  from :C:/Users/kerns/OneDrive/Desktop/Project-Architect/build/DartConfiguration.tcl
Test project C:/Users/kerns/OneDrive/Desktop/Project-Architect/build
Constructing a list of tests
Done constructing a list of tests
Updating test list for fixtures
Added 0 tests to meet fixture requirements
Checking test dependency graph...
Checking test dependency graph end
test 1
    Start 1: test_cognitive_frame

1: Test command: NOT_AVAILABLE
1: Working Directory: C:/Users/kerns/OneDrive/Desktop/Project-Architect/build
Test not available without configuration.  (Missing "-C <config>"?)
1/3 Test #1: test_cognitive_frame .............***Not Run   0.00 sec
test 2
    Start 2: test_warden

2: Test command: NOT_AVAILABLE
2: Working Directory: C:/Users/kerns/OneDrive/Desktop/Project-Architect/build
Test not available without configuration.  (Missing "-C <config>"?)
2/3 Test #2: test_warden ......................***Not Run   0.00 sec
test 3
    Start 3: test_executor

3: Test command: NOT_AVAILABLE
3: Working Directory: C:/Users/kerns/OneDrive/Desktop/Project-Architect/build
Test not available without configuration.  (Missing "-C <config>"?)
3/3 Test #3: test_executor ....................***Not Run   0.00 sec

0% tests passed, 3 tests failed out of 3

Total Test time (real) =   0.01 sec

The following tests FAILED:
	  1 - test_cognitive_frame (Not Run)
	  2 - test_warden (Not Run)
	  3 - test_executor (Not Run)
Errors while running CTest
Output from these tests are in: C:/Users/kerns/OneDrive/Desktop/Project-Architect/build/Testing/Temporary/LastTest.log
Use "--rerun-failed --output-on-failure" to re-run the failed cases verbosely.
